/Users/evangeline.bangsil/localwork/UTD-PROJECT/fm-subtype-discovery/experiments/ds002748_mdd/dataset_mdd.py:81: FutureWarning: The default strategy for standardize is currently 'zscore' which incorrectly uses population std to calculate sample zscores. The new strategy 'zscore_sample' corrects this behavior by using the sample std. In release 0.14.0, the default strategy will be replaced by the new strategy, the 'zscore' option will be removed. and using standardize=True will fall back to 'zscore_sample'.To avoid this warning, please use 'zscore_sample' instead.
  r=lw.fit_transform([ts])[0]
/Users/evangeline.bangsil/localwork/UTD-PROJECT/fm-subtype-discovery/experiments/ds002748_mdd/dataset_mdd.py:82: RuntimeWarning: divide by zero encountered in arctanh
  z=np.arctanh(r)
/Users/evangeline.bangsil/localwork/UTD-PROJECT/fm-subtype-discovery/experiments/ds002748_mdd/dataset_mdd.py:81: FutureWarning: The default strategy for standardize is currently 'zscore' which incorrectly uses population std to calculate sample zscores. The new strategy 'zscore_sample' corrects this behavior by using the sample std. In release 0.14.0, the default strategy will be replaced by the new strategy, the 'zscore' option will be removed. and using standardize=True will fall back to 'zscore_sample'.To avoid this warning, please use 'zscore_sample' instead.
  r=lw.fit_transform([ts])[0]
/Users/evangeline.bangsil/localwork/UTD-PROJECT/fm-subtype-discovery/experiments/ds002748_mdd/dataset_mdd.py:82: RuntimeWarning: divide by zero encountered in arctanh
  z=np.arctanh(r)
/Users/evangeline.bangsil/localwork/UTD-PROJECT/fm-subtype-discovery/experiments/ds002748_mdd/dataset_mdd.py:81: FutureWarning: The default strategy for standardize is currently 'zscore' which incorrectly uses population std to calculate sample zscores. The new strategy 'zscore_sample' corrects this behavior by using the sample std. In release 0.14.0, the default strategy will be replaced by the new strategy, the 'zscore' option will be removed. and using standardize=True will fall back to 'zscore_sample'.To avoid this warning, please use 'zscore_sample' instead.
  r=lw.fit_transform([ts])[0]
/Users/evangeline.bangsil/localwork/UTD-PROJECT/fm-subtype-discovery/experiments/ds002748_mdd/dataset_mdd.py:82: RuntimeWarning: divide by zero encountered in arctanh
  z=np.arctanh(r)
/Users/evangeline.bangsil/localwork/UTD-PROJECT/fm-subtype-discovery/experiments/ds002748_mdd/dataset_mdd.py:81: FutureWarning: The default strategy for standardize is currently 'zscore' which incorrectly uses population std to calculate sample zscores. The new strategy 'zscore_sample' corrects this behavior by using the sample std. In release 0.14.0, the default strategy will be replaced by the new strategy, the 'zscore' option will be removed. and using standardize=True will fall back to 'zscore_sample'.To avoid this warning, please use 'zscore_sample' instead.
  r=lw.fit_transform([ts])[0]
/Users/evangeline.bangsil/localwork/UTD-PROJECT/fm-subtype-discovery/experiments/ds002748_mdd/dataset_mdd.py:82: RuntimeWarning: divide by zero encountered in arctanh
  z=np.arctanh(r)
/Users/evangeline.bangsil/localwork/UTD-PROJECT/fm-subtype-discovery/experiments/ds002748_mdd/dataset_mdd.py:81: FutureWarning: The default strategy for standardize is currently 'zscore' which incorrectly uses population std to calculate sample zscores. The new strategy 'zscore_sample' corrects this behavior by using the sample std. In release 0.14.0, the default strategy will be replaced by the new strategy, the 'zscore' option will be removed. and using standardize=True will fall back to 'zscore_sample'.To avoid this warning, please use 'zscore_sample' instead.
  r=lw.fit_transform([ts])[0]
/Users/evangeline.bangsil/localwork/UTD-PROJECT/fm-subtype-discovery/experiments/ds002748_mdd/dataset_mdd.py:82: RuntimeWarning: divide by zero encountered in arctanh
  z=np.arctanh(r)
/Users/evangeline.bangsil/localwork/UTD-PROJECT/fm-subtype-discovery/experiments/ds002748_mdd/dataset_mdd.py:81: FutureWarning: The default strategy for standardize is currently 'zscore' which incorrectly uses population std to calculate sample zscores. The new strategy 'zscore_sample' corrects this behavior by using the sample std. In release 0.14.0, the default strategy will be replaced by the new strategy, the 'zscore' option will be removed. and using standardize=True will fall back to 'zscore_sample'.To avoid this warning, please use 'zscore_sample' instead.
  r=lw.fit_transform([ts])[0]
/Users/evangeline.bangsil/localwork/UTD-PROJECT/fm-subtype-discovery/experiments/ds002748_mdd/dataset_mdd.py:82: RuntimeWarning: divide by zero encountered in arctanh
  z=np.arctanh(r)
/Users/evangeline.bangsil/localwork/UTD-PROJECT/fm-subtype-discovery/experiments/ds002748_mdd/dataset_mdd.py:81: FutureWarning: The default strategy for standardize is currently 'zscore' which incorrectly uses population std to calculate sample zscores. The new strategy 'zscore_sample' corrects this behavior by using the sample std. In release 0.14.0, the default strategy will be replaced by the new strategy, the 'zscore' option will be removed. and using standardize=True will fall back to 'zscore_sample'.To avoid this warning, please use 'zscore_sample' instead.
  r=lw.fit_transform([ts])[0]
/Users/evangeline.bangsil/localwork/UTD-PROJECT/fm-subtype-discovery/experiments/ds002748_mdd/dataset_mdd.py:82: RuntimeWarning: divide by zero encountered in arctanh
  z=np.arctanh(r)
/Users/evangeline.bangsil/localwork/UTD-PROJECT/fm-subtype-discovery/experiments/ds002748_mdd/dataset_mdd.py:81: FutureWarning: The default strategy for standardize is currently 'zscore' which incorrectly uses population std to calculate sample zscores. The new strategy 'zscore_sample' corrects this behavior by using the sample std. In release 0.14.0, the default strategy will be replaced by the new strategy, the 'zscore' option will be removed. and using standardize=True will fall back to 'zscore_sample'.To avoid this warning, please use 'zscore_sample' instead.
  r=lw.fit_transform([ts])[0]
/Users/evangeline.bangsil/localwork/UTD-PROJECT/fm-subtype-discovery/experiments/ds002748_mdd/dataset_mdd.py:82: RuntimeWarning: divide by zero encountered in arctanh
  z=np.arctanh(r)
/Users/evangeline.bangsil/localwork/UTD-PROJECT/fm-subtype-discovery/experiments/ds002748_mdd/dataset_mdd.py:81: FutureWarning: The default strategy for standardize is currently 'zscore' which incorrectly uses population std to calculate sample zscores. The new strategy 'zscore_sample' corrects this behavior by using the sample std. In release 0.14.0, the default strategy will be replaced by the new strategy, the 'zscore' option will be removed. and using standardize=True will fall back to 'zscore_sample'.To avoid this warning, please use 'zscore_sample' instead.
  r=lw.fit_transform([ts])[0]
/Users/evangeline.bangsil/localwork/UTD-PROJECT/fm-subtype-discovery/experiments/ds002748_mdd/dataset_mdd.py:82: RuntimeWarning: divide by zero encountered in arctanh
  z=np.arctanh(r)
/Users/evangeline.bangsil/localwork/UTD-PROJECT/fm-subtype-discovery/experiments/ds002748_mdd/dataset_mdd.py:81: FutureWarning: The default strategy for standardize is currently 'zscore' which incorrectly uses population std to calculate sample zscores. The new strategy 'zscore_sample' corrects this behavior by using the sample std. In release 0.14.0, the default strategy will be replaced by the new strategy, the 'zscore' option will be removed. and using standardize=True will fall back to 'zscore_sample'.To avoid this warning, please use 'zscore_sample' instead.
  r=lw.fit_transform([ts])[0]
/Users/evangeline.bangsil/localwork/UTD-PROJECT/fm-subtype-discovery/experiments/ds002748_mdd/dataset_mdd.py:82: RuntimeWarning: divide by zero encountered in arctanh
  z=np.arctanh(r)
/Users/evangeline.bangsil/localwork/UTD-PROJECT/fm-subtype-discovery/experiments/ds002748_mdd/dataset_mdd.py:81: FutureWarning: The default strategy for standardize is currently 'zscore' which incorrectly uses population std to calculate sample zscores. The new strategy 'zscore_sample' corrects this behavior by using the sample std. In release 0.14.0, the default strategy will be replaced by the new strategy, the 'zscore' option will be removed. and using standardize=True will fall back to 'zscore_sample'.To avoid this warning, please use 'zscore_sample' instead.
  r=lw.fit_transform([ts])[0]
/Users/evangeline.bangsil/localwork/UTD-PROJECT/fm-subtype-discovery/experiments/ds002748_mdd/dataset_mdd.py:82: RuntimeWarning: divide by zero encountered in arctanh
  z=np.arctanh(r)
/Users/evangeline.bangsil/localwork/UTD-PROJECT/fm-subtype-discovery/experiments/ds002748_mdd/dataset_mdd.py:81: FutureWarning: The default strategy for standardize is currently 'zscore' which incorrectly uses population std to calculate sample zscores. The new strategy 'zscore_sample' corrects this behavior by using the sample std. In release 0.14.0, the default strategy will be replaced by the new strategy, the 'zscore' option will be removed. and using standardize=True will fall back to 'zscore_sample'.To avoid this warning, please use 'zscore_sample' instead.
  r=lw.fit_transform([ts])[0]
/Users/evangeline.bangsil/localwork/UTD-PROJECT/fm-subtype-discovery/experiments/ds002748_mdd/dataset_mdd.py:82: RuntimeWarning: divide by zero encountered in arctanh
  z=np.arctanh(r)
/Users/evangeline.bangsil/localwork/UTD-PROJECT/fm-subtype-discovery/experiments/ds002748_mdd/dataset_mdd.py:81: FutureWarning: The default strategy for standardize is currently 'zscore' which incorrectly uses population std to calculate sample zscores. The new strategy 'zscore_sample' corrects this behavior by using the sample std. In release 0.14.0, the default strategy will be replaced by the new strategy, the 'zscore' option will be removed. and using standardize=True will fall back to 'zscore_sample'.To avoid this warning, please use 'zscore_sample' instead.
  r=lw.fit_transform([ts])[0]
/Users/evangeline.bangsil/localwork/UTD-PROJECT/fm-subtype-discovery/experiments/ds002748_mdd/dataset_mdd.py:82: RuntimeWarning: divide by zero encountered in arctanh
  z=np.arctanh(r)
/Users/evangeline.bangsil/localwork/UTD-PROJECT/fm-subtype-discovery/experiments/ds002748_mdd/dataset_mdd.py:81: FutureWarning: The default strategy for standardize is currently 'zscore' which incorrectly uses population std to calculate sample zscores. The new strategy 'zscore_sample' corrects this behavior by using the sample std. In release 0.14.0, the default strategy will be replaced by the new strategy, the 'zscore' option will be removed. and using standardize=True will fall back to 'zscore_sample'.To avoid this warning, please use 'zscore_sample' instead.
  r=lw.fit_transform([ts])[0]
/Users/evangeline.bangsil/localwork/UTD-PROJECT/fm-subtype-discovery/experiments/ds002748_mdd/dataset_mdd.py:82: RuntimeWarning: divide by zero encountered in arctanh
  z=np.arctanh(r)
/Users/evangeline.bangsil/localwork/UTD-PROJECT/fm-subtype-discovery/experiments/ds002748_mdd/dataset_mdd.py:81: FutureWarning: The default strategy for standardize is currently 'zscore' which incorrectly uses population std to calculate sample zscores. The new strategy 'zscore_sample' corrects this behavior by using the sample std. In release 0.14.0, the default strategy will be replaced by the new strategy, the 'zscore' option will be removed. and using standardize=True will fall back to 'zscore_sample'.To avoid this warning, please use 'zscore_sample' instead.
  r=lw.fit_transform([ts])[0]
/Users/evangeline.bangsil/localwork/UTD-PROJECT/fm-subtype-discovery/experiments/ds002748_mdd/dataset_mdd.py:82: RuntimeWarning: divide by zero encountered in arctanh
  z=np.arctanh(r)
/Users/evangeline.bangsil/localwork/UTD-PROJECT/fm-subtype-discovery/experiments/ds002748_mdd/dataset_mdd.py:81: FutureWarning: The default strategy for standardize is currently 'zscore' which incorrectly uses population std to calculate sample zscores. The new strategy 'zscore_sample' corrects this behavior by using the sample std. In release 0.14.0, the default strategy will be replaced by the new strategy, the 'zscore' option will be removed. and using standardize=True will fall back to 'zscore_sample'.To avoid this warning, please use 'zscore_sample' instead.
  r=lw.fit_transform([ts])[0]
/Users/evangeline.bangsil/localwork/UTD-PROJECT/fm-subtype-discovery/experiments/ds002748_mdd/dataset_mdd.py:82: RuntimeWarning: divide by zero encountered in arctanh
  z=np.arctanh(r)
/Users/evangeline.bangsil/localwork/UTD-PROJECT/fm-subtype-discovery/experiments/ds002748_mdd/dataset_mdd.py:81: FutureWarning: The default strategy for standardize is currently 'zscore' which incorrectly uses population std to calculate sample zscores. The new strategy 'zscore_sample' corrects this behavior by using the sample std. In release 0.14.0, the default strategy will be replaced by the new strategy, the 'zscore' option will be removed. and using standardize=True will fall back to 'zscore_sample'.To avoid this warning, please use 'zscore_sample' instead.
  r=lw.fit_transform([ts])[0]
/Users/evangeline.bangsil/localwork/UTD-PROJECT/fm-subtype-discovery/experiments/ds002748_mdd/dataset_mdd.py:82: RuntimeWarning: divide by zero encountered in arctanh
  z=np.arctanh(r)
/Users/evangeline.bangsil/localwork/UTD-PROJECT/fm-subtype-discovery/experiments/ds002748_mdd/dataset_mdd.py:81: FutureWarning: The default strategy for standardize is currently 'zscore' which incorrectly uses population std to calculate sample zscores. The new strategy 'zscore_sample' corrects this behavior by using the sample std. In release 0.14.0, the default strategy will be replaced by the new strategy, the 'zscore' option will be removed. and using standardize=True will fall back to 'zscore_sample'.To avoid this warning, please use 'zscore_sample' instead.
  r=lw.fit_transform([ts])[0]
/Users/evangeline.bangsil/localwork/UTD-PROJECT/fm-subtype-discovery/experiments/ds002748_mdd/dataset_mdd.py:82: RuntimeWarning: divide by zero encountered in arctanh
  z=np.arctanh(r)
/Users/evangeline.bangsil/localwork/UTD-PROJECT/fm-subtype-discovery/experiments/ds002748_mdd/dataset_mdd.py:81: FutureWarning: The default strategy for standardize is currently 'zscore' which incorrectly uses population std to calculate sample zscores. The new strategy 'zscore_sample' corrects this behavior by using the sample std. In release 0.14.0, the default strategy will be replaced by the new strategy, the 'zscore' option will be removed. and using standardize=True will fall back to 'zscore_sample'.To avoid this warning, please use 'zscore_sample' instead.
  r=lw.fit_transform([ts])[0]
/Users/evangeline.bangsil/localwork/UTD-PROJECT/fm-subtype-discovery/experiments/ds002748_mdd/dataset_mdd.py:82: RuntimeWarning: divide by zero encountered in arctanh
  z=np.arctanh(r)
/Users/evangeline.bangsil/localwork/UTD-PROJECT/fm-subtype-discovery/experiments/ds002748_mdd/dataset_mdd.py:81: FutureWarning: The default strategy for standardize is currently 'zscore' which incorrectly uses population std to calculate sample zscores. The new strategy 'zscore_sample' corrects this behavior by using the sample std. In release 0.14.0, the default strategy will be replaced by the new strategy, the 'zscore' option will be removed. and using standardize=True will fall back to 'zscore_sample'.To avoid this warning, please use 'zscore_sample' instead.
  r=lw.fit_transform([ts])[0]
/Users/evangeline.bangsil/localwork/UTD-PROJECT/fm-subtype-discovery/experiments/ds002748_mdd/dataset_mdd.py:82: RuntimeWarning: divide by zero encountered in arctanh
  z=np.arctanh(r)
/Users/evangeline.bangsil/localwork/UTD-PROJECT/fm-subtype-discovery/experiments/ds002748_mdd/dataset_mdd.py:81: FutureWarning: The default strategy for standardize is currently 'zscore' which incorrectly uses population std to calculate sample zscores. The new strategy 'zscore_sample' corrects this behavior by using the sample std. In release 0.14.0, the default strategy will be replaced by the new strategy, the 'zscore' option will be removed. and using standardize=True will fall back to 'zscore_sample'.To avoid this warning, please use 'zscore_sample' instead.
  r=lw.fit_transform([ts])[0]
/Users/evangeline.bangsil/localwork/UTD-PROJECT/fm-subtype-discovery/experiments/ds002748_mdd/dataset_mdd.py:82: RuntimeWarning: divide by zero encountered in arctanh
  z=np.arctanh(r)
/Users/evangeline.bangsil/localwork/UTD-PROJECT/fm-subtype-discovery/experiments/ds002748_mdd/dataset_mdd.py:81: FutureWarning: The default strategy for standardize is currently 'zscore' which incorrectly uses population std to calculate sample zscores. The new strategy 'zscore_sample' corrects this behavior by using the sample std. In release 0.14.0, the default strategy will be replaced by the new strategy, the 'zscore' option will be removed. and using standardize=True will fall back to 'zscore_sample'.To avoid this warning, please use 'zscore_sample' instead.
  r=lw.fit_transform([ts])[0]
/Users/evangeline.bangsil/localwork/UTD-PROJECT/fm-subtype-discovery/experiments/ds002748_mdd/dataset_mdd.py:82: RuntimeWarning: divide by zero encountered in arctanh
  z=np.arctanh(r)
/Users/evangeline.bangsil/localwork/UTD-PROJECT/fm-subtype-discovery/experiments/ds002748_mdd/dataset_mdd.py:81: FutureWarning: The default strategy for standardize is currently 'zscore' which incorrectly uses population std to calculate sample zscores. The new strategy 'zscore_sample' corrects this behavior by using the sample std. In release 0.14.0, the default strategy will be replaced by the new strategy, the 'zscore' option will be removed. and using standardize=True will fall back to 'zscore_sample'.To avoid this warning, please use 'zscore_sample' instead.
  r=lw.fit_transform([ts])[0]
/Users/evangeline.bangsil/localwork/UTD-PROJECT/fm-subtype-discovery/experiments/ds002748_mdd/dataset_mdd.py:82: RuntimeWarning: divide by zero encountered in arctanh
  z=np.arctanh(r)
/Users/evangeline.bangsil/localwork/UTD-PROJECT/fm-subtype-discovery/experiments/ds002748_mdd/dataset_mdd.py:81: FutureWarning: The default strategy for standardize is currently 'zscore' which incorrectly uses population std to calculate sample zscores. The new strategy 'zscore_sample' corrects this behavior by using the sample std. In release 0.14.0, the default strategy will be replaced by the new strategy, the 'zscore' option will be removed. and using standardize=True will fall back to 'zscore_sample'.To avoid this warning, please use 'zscore_sample' instead.
  r=lw.fit_transform([ts])[0]
/Users/evangeline.bangsil/localwork/UTD-PROJECT/fm-subtype-discovery/experiments/ds002748_mdd/dataset_mdd.py:82: RuntimeWarning: divide by zero encountered in arctanh
  z=np.arctanh(r)
/Users/evangeline.bangsil/localwork/UTD-PROJECT/fm-subtype-discovery/experiments/ds002748_mdd/dataset_mdd.py:81: FutureWarning: The default strategy for standardize is currently 'zscore' which incorrectly uses population std to calculate sample zscores. The new strategy 'zscore_sample' corrects this behavior by using the sample std. In release 0.14.0, the default strategy will be replaced by the new strategy, the 'zscore' option will be removed. and using standardize=True will fall back to 'zscore_sample'.To avoid this warning, please use 'zscore_sample' instead.
  r=lw.fit_transform([ts])[0]
/Users/evangeline.bangsil/localwork/UTD-PROJECT/fm-subtype-discovery/experiments/ds002748_mdd/dataset_mdd.py:82: RuntimeWarning: divide by zero encountered in arctanh
  z=np.arctanh(r)
/Users/evangeline.bangsil/localwork/UTD-PROJECT/fm-subtype-discovery/experiments/ds002748_mdd/dataset_mdd.py:81: FutureWarning: The default strategy for standardize is currently 'zscore' which incorrectly uses population std to calculate sample zscores. The new strategy 'zscore_sample' corrects this behavior by using the sample std. In release 0.14.0, the default strategy will be replaced by the new strategy, the 'zscore' option will be removed. and using standardize=True will fall back to 'zscore_sample'.To avoid this warning, please use 'zscore_sample' instead.
  r=lw.fit_transform([ts])[0]
/Users/evangeline.bangsil/localwork/UTD-PROJECT/fm-subtype-discovery/experiments/ds002748_mdd/dataset_mdd.py:82: RuntimeWarning: divide by zero encountered in arctanh
  z=np.arctanh(r)
/Users/evangeline.bangsil/localwork/UTD-PROJECT/fm-subtype-discovery/experiments/ds002748_mdd/dataset_mdd.py:81: FutureWarning: The default strategy for standardize is currently 'zscore' which incorrectly uses population std to calculate sample zscores. The new strategy 'zscore_sample' corrects this behavior by using the sample std. In release 0.14.0, the default strategy will be replaced by the new strategy, the 'zscore' option will be removed. and using standardize=True will fall back to 'zscore_sample'.To avoid this warning, please use 'zscore_sample' instead.
  r=lw.fit_transform([ts])[0]
/Users/evangeline.bangsil/localwork/UTD-PROJECT/fm-subtype-discovery/experiments/ds002748_mdd/dataset_mdd.py:82: RuntimeWarning: divide by zero encountered in arctanh
  z=np.arctanh(r)
/Users/evangeline.bangsil/localwork/UTD-PROJECT/fm-subtype-discovery/experiments/ds002748_mdd/dataset_mdd.py:81: FutureWarning: The default strategy for standardize is currently 'zscore' which incorrectly uses population std to calculate sample zscores. The new strategy 'zscore_sample' corrects this behavior by using the sample std. In release 0.14.0, the default strategy will be replaced by the new strategy, the 'zscore' option will be removed. and using standardize=True will fall back to 'zscore_sample'.To avoid this warning, please use 'zscore_sample' instead.
  r=lw.fit_transform([ts])[0]
/Users/evangeline.bangsil/localwork/UTD-PROJECT/fm-subtype-discovery/experiments/ds002748_mdd/dataset_mdd.py:82: RuntimeWarning: divide by zero encountered in arctanh
  z=np.arctanh(r)
/Users/evangeline.bangsil/localwork/UTD-PROJECT/fm-subtype-discovery/experiments/ds002748_mdd/dataset_mdd.py:81: FutureWarning: The default strategy for standardize is currently 'zscore' which incorrectly uses population std to calculate sample zscores. The new strategy 'zscore_sample' corrects this behavior by using the sample std. In release 0.14.0, the default strategy will be replaced by the new strategy, the 'zscore' option will be removed. and using standardize=True will fall back to 'zscore_sample'.To avoid this warning, please use 'zscore_sample' instead.
  r=lw.fit_transform([ts])[0]
/Users/evangeline.bangsil/localwork/UTD-PROJECT/fm-subtype-discovery/experiments/ds002748_mdd/dataset_mdd.py:82: RuntimeWarning: divide by zero encountered in arctanh
  z=np.arctanh(r)
/Users/evangeline.bangsil/localwork/UTD-PROJECT/fm-subtype-discovery/experiments/ds002748_mdd/dataset_mdd.py:81: FutureWarning: The default strategy for standardize is currently 'zscore' which incorrectly uses population std to calculate sample zscores. The new strategy 'zscore_sample' corrects this behavior by using the sample std. In release 0.14.0, the default strategy will be replaced by the new strategy, the 'zscore' option will be removed. and using standardize=True will fall back to 'zscore_sample'.To avoid this warning, please use 'zscore_sample' instead.
  r=lw.fit_transform([ts])[0]
/Users/evangeline.bangsil/localwork/UTD-PROJECT/fm-subtype-discovery/experiments/ds002748_mdd/dataset_mdd.py:82: RuntimeWarning: divide by zero encountered in arctanh
  z=np.arctanh(r)
/Users/evangeline.bangsil/localwork/UTD-PROJECT/fm-subtype-discovery/experiments/ds002748_mdd/dataset_mdd.py:81: FutureWarning: The default strategy for standardize is currently 'zscore' which incorrectly uses population std to calculate sample zscores. The new strategy 'zscore_sample' corrects this behavior by using the sample std. In release 0.14.0, the default strategy will be replaced by the new strategy, the 'zscore' option will be removed. and using standardize=True will fall back to 'zscore_sample'.To avoid this warning, please use 'zscore_sample' instead.
  r=lw.fit_transform([ts])[0]
/Users/evangeline.bangsil/localwork/UTD-PROJECT/fm-subtype-discovery/experiments/ds002748_mdd/dataset_mdd.py:82: RuntimeWarning: divide by zero encountered in arctanh
  z=np.arctanh(r)
/Users/evangeline.bangsil/localwork/UTD-PROJECT/fm-subtype-discovery/experiments/ds002748_mdd/dataset_mdd.py:81: FutureWarning: The default strategy for standardize is currently 'zscore' which incorrectly uses population std to calculate sample zscores. The new strategy 'zscore_sample' corrects this behavior by using the sample std. In release 0.14.0, the default strategy will be replaced by the new strategy, the 'zscore' option will be removed. and using standardize=True will fall back to 'zscore_sample'.To avoid this warning, please use 'zscore_sample' instead.
  r=lw.fit_transform([ts])[0]
/Users/evangeline.bangsil/localwork/UTD-PROJECT/fm-subtype-discovery/experiments/ds002748_mdd/dataset_mdd.py:82: RuntimeWarning: divide by zero encountered in arctanh
  z=np.arctanh(r)
/Users/evangeline.bangsil/localwork/UTD-PROJECT/fm-subtype-discovery/experiments/ds002748_mdd/dataset_mdd.py:81: FutureWarning: The default strategy for standardize is currently 'zscore' which incorrectly uses population std to calculate sample zscores. The new strategy 'zscore_sample' corrects this behavior by using the sample std. In release 0.14.0, the default strategy will be replaced by the new strategy, the 'zscore' option will be removed. and using standardize=True will fall back to 'zscore_sample'.To avoid this warning, please use 'zscore_sample' instead.
  r=lw.fit_transform([ts])[0]
/Users/evangeline.bangsil/localwork/UTD-PROJECT/fm-subtype-discovery/experiments/ds002748_mdd/dataset_mdd.py:82: RuntimeWarning: divide by zero encountered in arctanh
  z=np.arctanh(r)
/Users/evangeline.bangsil/localwork/UTD-PROJECT/fm-subtype-discovery/experiments/ds002748_mdd/dataset_mdd.py:81: FutureWarning: The default strategy for standardize is currently 'zscore' which incorrectly uses population std to calculate sample zscores. The new strategy 'zscore_sample' corrects this behavior by using the sample std. In release 0.14.0, the default strategy will be replaced by the new strategy, the 'zscore' option will be removed. and using standardize=True will fall back to 'zscore_sample'.To avoid this warning, please use 'zscore_sample' instead.
  r=lw.fit_transform([ts])[0]
/Users/evangeline.bangsil/localwork/UTD-PROJECT/fm-subtype-discovery/experiments/ds002748_mdd/dataset_mdd.py:82: RuntimeWarning: divide by zero encountered in arctanh
  z=np.arctanh(r)
/Users/evangeline.bangsil/localwork/UTD-PROJECT/fm-subtype-discovery/experiments/ds002748_mdd/dataset_mdd.py:81: FutureWarning: The default strategy for standardize is currently 'zscore' which incorrectly uses population std to calculate sample zscores. The new strategy 'zscore_sample' corrects this behavior by using the sample std. In release 0.14.0, the default strategy will be replaced by the new strategy, the 'zscore' option will be removed. and using standardize=True will fall back to 'zscore_sample'.To avoid this warning, please use 'zscore_sample' instead.
  r=lw.fit_transform([ts])[0]
/Users/evangeline.bangsil/localwork/UTD-PROJECT/fm-subtype-discovery/experiments/ds002748_mdd/dataset_mdd.py:82: RuntimeWarning: divide by zero encountered in arctanh
  z=np.arctanh(r)
/Users/evangeline.bangsil/localwork/UTD-PROJECT/fm-subtype-discovery/experiments/ds002748_mdd/dataset_mdd.py:81: FutureWarning: The default strategy for standardize is currently 'zscore' which incorrectly uses population std to calculate sample zscores. The new strategy 'zscore_sample' corrects this behavior by using the sample std. In release 0.14.0, the default strategy will be replaced by the new strategy, the 'zscore' option will be removed. and using standardize=True will fall back to 'zscore_sample'.To avoid this warning, please use 'zscore_sample' instead.
  r=lw.fit_transform([ts])[0]
/Users/evangeline.bangsil/localwork/UTD-PROJECT/fm-subtype-discovery/experiments/ds002748_mdd/dataset_mdd.py:82: RuntimeWarning: divide by zero encountered in arctanh
  z=np.arctanh(r)
/Users/evangeline.bangsil/localwork/UTD-PROJECT/fm-subtype-discovery/experiments/ds002748_mdd/dataset_mdd.py:81: FutureWarning: The default strategy for standardize is currently 'zscore' which incorrectly uses population std to calculate sample zscores. The new strategy 'zscore_sample' corrects this behavior by using the sample std. In release 0.14.0, the default strategy will be replaced by the new strategy, the 'zscore' option will be removed. and using standardize=True will fall back to 'zscore_sample'.To avoid this warning, please use 'zscore_sample' instead.
  r=lw.fit_transform([ts])[0]
/Users/evangeline.bangsil/localwork/UTD-PROJECT/fm-subtype-discovery/experiments/ds002748_mdd/dataset_mdd.py:82: RuntimeWarning: divide by zero encountered in arctanh
  z=np.arctanh(r)
/Users/evangeline.bangsil/localwork/UTD-PROJECT/fm-subtype-discovery/experiments/ds002748_mdd/dataset_mdd.py:81: FutureWarning: The default strategy for standardize is currently 'zscore' which incorrectly uses population std to calculate sample zscores. The new strategy 'zscore_sample' corrects this behavior by using the sample std. In release 0.14.0, the default strategy will be replaced by the new strategy, the 'zscore' option will be removed. and using standardize=True will fall back to 'zscore_sample'.To avoid this warning, please use 'zscore_sample' instead.
  r=lw.fit_transform([ts])[0]
/Users/evangeline.bangsil/localwork/UTD-PROJECT/fm-subtype-discovery/experiments/ds002748_mdd/dataset_mdd.py:82: RuntimeWarning: divide by zero encountered in arctanh
  z=np.arctanh(r)
/Users/evangeline.bangsil/localwork/UTD-PROJECT/fm-subtype-discovery/experiments/ds002748_mdd/dataset_mdd.py:81: FutureWarning: The default strategy for standardize is currently 'zscore' which incorrectly uses population std to calculate sample zscores. The new strategy 'zscore_sample' corrects this behavior by using the sample std. In release 0.14.0, the default strategy will be replaced by the new strategy, the 'zscore' option will be removed. and using standardize=True will fall back to 'zscore_sample'.To avoid this warning, please use 'zscore_sample' instead.
  r=lw.fit_transform([ts])[0]
/Users/evangeline.bangsil/localwork/UTD-PROJECT/fm-subtype-discovery/experiments/ds002748_mdd/dataset_mdd.py:82: RuntimeWarning: divide by zero encountered in arctanh
  z=np.arctanh(r)
/Users/evangeline.bangsil/localwork/UTD-PROJECT/fm-subtype-discovery/experiments/ds002748_mdd/dataset_mdd.py:81: FutureWarning: The default strategy for standardize is currently 'zscore' which incorrectly uses population std to calculate sample zscores. The new strategy 'zscore_sample' corrects this behavior by using the sample std. In release 0.14.0, the default strategy will be replaced by the new strategy, the 'zscore' option will be removed. and using standardize=True will fall back to 'zscore_sample'.To avoid this warning, please use 'zscore_sample' instead.
  r=lw.fit_transform([ts])[0]
/Users/evangeline.bangsil/localwork/UTD-PROJECT/fm-subtype-discovery/experiments/ds002748_mdd/dataset_mdd.py:82: RuntimeWarning: divide by zero encountered in arctanh
  z=np.arctanh(r)
/Users/evangeline.bangsil/localwork/UTD-PROJECT/fm-subtype-discovery/experiments/ds002748_mdd/dataset_mdd.py:81: FutureWarning: The default strategy for standardize is currently 'zscore' which incorrectly uses population std to calculate sample zscores. The new strategy 'zscore_sample' corrects this behavior by using the sample std. In release 0.14.0, the default strategy will be replaced by the new strategy, the 'zscore' option will be removed. and using standardize=True will fall back to 'zscore_sample'.To avoid this warning, please use 'zscore_sample' instead.
  r=lw.fit_transform([ts])[0]
/Users/evangeline.bangsil/localwork/UTD-PROJECT/fm-subtype-discovery/experiments/ds002748_mdd/dataset_mdd.py:82: RuntimeWarning: divide by zero encountered in arctanh
  z=np.arctanh(r)
/Users/evangeline.bangsil/localwork/UTD-PROJECT/fm-subtype-discovery/experiments/ds002748_mdd/dataset_mdd.py:81: FutureWarning: The default strategy for standardize is currently 'zscore' which incorrectly uses population std to calculate sample zscores. The new strategy 'zscore_sample' corrects this behavior by using the sample std. In release 0.14.0, the default strategy will be replaced by the new strategy, the 'zscore' option will be removed. and using standardize=True will fall back to 'zscore_sample'.To avoid this warning, please use 'zscore_sample' instead.
  r=lw.fit_transform([ts])[0]
/Users/evangeline.bangsil/localwork/UTD-PROJECT/fm-subtype-discovery/experiments/ds002748_mdd/dataset_mdd.py:82: RuntimeWarning: divide by zero encountered in arctanh
  z=np.arctanh(r)
/Users/evangeline.bangsil/localwork/UTD-PROJECT/fm-subtype-discovery/experiments/ds002748_mdd/dataset_mdd.py:81: FutureWarning: The default strategy for standardize is currently 'zscore' which incorrectly uses population std to calculate sample zscores. The new strategy 'zscore_sample' corrects this behavior by using the sample std. In release 0.14.0, the default strategy will be replaced by the new strategy, the 'zscore' option will be removed. and using standardize=True will fall back to 'zscore_sample'.To avoid this warning, please use 'zscore_sample' instead.
  r=lw.fit_transform([ts])[0]
/Users/evangeline.bangsil/localwork/UTD-PROJECT/fm-subtype-discovery/experiments/ds002748_mdd/dataset_mdd.py:82: RuntimeWarning: divide by zero encountered in arctanh
  z=np.arctanh(r)
/Users/evangeline.bangsil/localwork/UTD-PROJECT/fm-subtype-discovery/experiments/ds002748_mdd/dataset_mdd.py:81: FutureWarning: The default strategy for standardize is currently 'zscore' which incorrectly uses population std to calculate sample zscores. The new strategy 'zscore_sample' corrects this behavior by using the sample std. In release 0.14.0, the default strategy will be replaced by the new strategy, the 'zscore' option will be removed. and using standardize=True will fall back to 'zscore_sample'.To avoid this warning, please use 'zscore_sample' instead.
  r=lw.fit_transform([ts])[0]
/Users/evangeline.bangsil/localwork/UTD-PROJECT/fm-subtype-discovery/experiments/ds002748_mdd/dataset_mdd.py:82: RuntimeWarning: divide by zero encountered in arctanh
  z=np.arctanh(r)
/Users/evangeline.bangsil/localwork/UTD-PROJECT/fm-subtype-discovery/experiments/ds002748_mdd/dataset_mdd.py:81: FutureWarning: The default strategy for standardize is currently 'zscore' which incorrectly uses population std to calculate sample zscores. The new strategy 'zscore_sample' corrects this behavior by using the sample std. In release 0.14.0, the default strategy will be replaced by the new strategy, the 'zscore' option will be removed. and using standardize=True will fall back to 'zscore_sample'.To avoid this warning, please use 'zscore_sample' instead.
  r=lw.fit_transform([ts])[0]
/Users/evangeline.bangsil/localwork/UTD-PROJECT/fm-subtype-discovery/experiments/ds002748_mdd/dataset_mdd.py:82: RuntimeWarning: divide by zero encountered in arctanh
  z=np.arctanh(r)
/Users/evangeline.bangsil/localwork/UTD-PROJECT/fm-subtype-discovery/experiments/ds002748_mdd/dataset_mdd.py:81: FutureWarning: The default strategy for standardize is currently 'zscore' which incorrectly uses population std to calculate sample zscores. The new strategy 'zscore_sample' corrects this behavior by using the sample std. In release 0.14.0, the default strategy will be replaced by the new strategy, the 'zscore' option will be removed. and using standardize=True will fall back to 'zscore_sample'.To avoid this warning, please use 'zscore_sample' instead.
  r=lw.fit_transform([ts])[0]
/Users/evangeline.bangsil/localwork/UTD-PROJECT/fm-subtype-discovery/experiments/ds002748_mdd/dataset_mdd.py:82: RuntimeWarning: divide by zero encountered in arctanh
  z=np.arctanh(r)
/Users/evangeline.bangsil/localwork/UTD-PROJECT/fm-subtype-discovery/experiments/ds002748_mdd/dataset_mdd.py:81: FutureWarning: The default strategy for standardize is currently 'zscore' which incorrectly uses population std to calculate sample zscores. The new strategy 'zscore_sample' corrects this behavior by using the sample std. In release 0.14.0, the default strategy will be replaced by the new strategy, the 'zscore' option will be removed. and using standardize=True will fall back to 'zscore_sample'.To avoid this warning, please use 'zscore_sample' instead.
  r=lw.fit_transform([ts])[0]
/Users/evangeline.bangsil/localwork/UTD-PROJECT/fm-subtype-discovery/experiments/ds002748_mdd/dataset_mdd.py:82: RuntimeWarning: divide by zero encountered in arctanh
  z=np.arctanh(r)
/Users/evangeline.bangsil/localwork/UTD-PROJECT/fm-subtype-discovery/experiments/ds002748_mdd/dataset_mdd.py:81: FutureWarning: The default strategy for standardize is currently 'zscore' which incorrectly uses population std to calculate sample zscores. The new strategy 'zscore_sample' corrects this behavior by using the sample std. In release 0.14.0, the default strategy will be replaced by the new strategy, the 'zscore' option will be removed. and using standardize=True will fall back to 'zscore_sample'.To avoid this warning, please use 'zscore_sample' instead.
  r=lw.fit_transform([ts])[0]
/Users/evangeline.bangsil/localwork/UTD-PROJECT/fm-subtype-discovery/experiments/ds002748_mdd/dataset_mdd.py:82: RuntimeWarning: divide by zero encountered in arctanh
  z=np.arctanh(r)
/Users/evangeline.bangsil/localwork/UTD-PROJECT/fm-subtype-discovery/experiments/ds002748_mdd/dataset_mdd.py:81: FutureWarning: The default strategy for standardize is currently 'zscore' which incorrectly uses population std to calculate sample zscores. The new strategy 'zscore_sample' corrects this behavior by using the sample std. In release 0.14.0, the default strategy will be replaced by the new strategy, the 'zscore' option will be removed. and using standardize=True will fall back to 'zscore_sample'.To avoid this warning, please use 'zscore_sample' instead.
  r=lw.fit_transform([ts])[0]
/Users/evangeline.bangsil/localwork/UTD-PROJECT/fm-subtype-discovery/experiments/ds002748_mdd/dataset_mdd.py:82: RuntimeWarning: divide by zero encountered in arctanh
  z=np.arctanh(r)
/Users/evangeline.bangsil/localwork/UTD-PROJECT/fm-subtype-discovery/experiments/ds002748_mdd/dataset_mdd.py:81: FutureWarning: The default strategy for standardize is currently 'zscore' which incorrectly uses population std to calculate sample zscores. The new strategy 'zscore_sample' corrects this behavior by using the sample std. In release 0.14.0, the default strategy will be replaced by the new strategy, the 'zscore' option will be removed. and using standardize=True will fall back to 'zscore_sample'.To avoid this warning, please use 'zscore_sample' instead.
  r=lw.fit_transform([ts])[0]
/Users/evangeline.bangsil/localwork/UTD-PROJECT/fm-subtype-discovery/experiments/ds002748_mdd/dataset_mdd.py:82: RuntimeWarning: divide by zero encountered in arctanh
  z=np.arctanh(r)
/Users/evangeline.bangsil/localwork/UTD-PROJECT/fm-subtype-discovery/experiments/ds002748_mdd/dataset_mdd.py:81: FutureWarning: The default strategy for standardize is currently 'zscore' which incorrectly uses population std to calculate sample zscores. The new strategy 'zscore_sample' corrects this behavior by using the sample std. In release 0.14.0, the default strategy will be replaced by the new strategy, the 'zscore' option will be removed. and using standardize=True will fall back to 'zscore_sample'.To avoid this warning, please use 'zscore_sample' instead.
  r=lw.fit_transform([ts])[0]
/Users/evangeline.bangsil/localwork/UTD-PROJECT/fm-subtype-discovery/experiments/ds002748_mdd/dataset_mdd.py:82: RuntimeWarning: divide by zero encountered in arctanh
  z=np.arctanh(r)
/Users/evangeline.bangsil/localwork/UTD-PROJECT/fm-subtype-discovery/experiments/ds002748_mdd/dataset_mdd.py:81: FutureWarning: The default strategy for standardize is currently 'zscore' which incorrectly uses population std to calculate sample zscores. The new strategy 'zscore_sample' corrects this behavior by using the sample std. In release 0.14.0, the default strategy will be replaced by the new strategy, the 'zscore' option will be removed. and using standardize=True will fall back to 'zscore_sample'.To avoid this warning, please use 'zscore_sample' instead.
  r=lw.fit_transform([ts])[0]
/Users/evangeline.bangsil/localwork/UTD-PROJECT/fm-subtype-discovery/experiments/ds002748_mdd/dataset_mdd.py:82: RuntimeWarning: divide by zero encountered in arctanh
  z=np.arctanh(r)
/Users/evangeline.bangsil/localwork/UTD-PROJECT/fm-subtype-discovery/experiments/ds002748_mdd/dataset_mdd.py:81: FutureWarning: The default strategy for standardize is currently 'zscore' which incorrectly uses population std to calculate sample zscores. The new strategy 'zscore_sample' corrects this behavior by using the sample std. In release 0.14.0, the default strategy will be replaced by the new strategy, the 'zscore' option will be removed. and using standardize=True will fall back to 'zscore_sample'.To avoid this warning, please use 'zscore_sample' instead.
  r=lw.fit_transform([ts])[0]
/Users/evangeline.bangsil/localwork/UTD-PROJECT/fm-subtype-discovery/experiments/ds002748_mdd/dataset_mdd.py:82: RuntimeWarning: divide by zero encountered in arctanh
  z=np.arctanh(r)
/Users/evangeline.bangsil/localwork/UTD-PROJECT/fm-subtype-discovery/experiments/ds002748_mdd/dataset_mdd.py:81: FutureWarning: The default strategy for standardize is currently 'zscore' which incorrectly uses population std to calculate sample zscores. The new strategy 'zscore_sample' corrects this behavior by using the sample std. In release 0.14.0, the default strategy will be replaced by the new strategy, the 'zscore' option will be removed. and using standardize=True will fall back to 'zscore_sample'.To avoid this warning, please use 'zscore_sample' instead.
  r=lw.fit_transform([ts])[0]
/Users/evangeline.bangsil/localwork/UTD-PROJECT/fm-subtype-discovery/experiments/ds002748_mdd/dataset_mdd.py:82: RuntimeWarning: divide by zero encountered in arctanh
  z=np.arctanh(r)
/Users/evangeline.bangsil/localwork/UTD-PROJECT/fm-subtype-discovery/experiments/ds002748_mdd/dataset_mdd.py:81: FutureWarning: The default strategy for standardize is currently 'zscore' which incorrectly uses population std to calculate sample zscores. The new strategy 'zscore_sample' corrects this behavior by using the sample std. In release 0.14.0, the default strategy will be replaced by the new strategy, the 'zscore' option will be removed. and using standardize=True will fall back to 'zscore_sample'.To avoid this warning, please use 'zscore_sample' instead.
  r=lw.fit_transform([ts])[0]
/Users/evangeline.bangsil/localwork/UTD-PROJECT/fm-subtype-discovery/experiments/ds002748_mdd/dataset_mdd.py:82: RuntimeWarning: divide by zero encountered in arctanh
  z=np.arctanh(r)
/Users/evangeline.bangsil/localwork/UTD-PROJECT/fm-subtype-discovery/experiments/ds002748_mdd/dataset_mdd.py:81: FutureWarning: The default strategy for standardize is currently 'zscore' which incorrectly uses population std to calculate sample zscores. The new strategy 'zscore_sample' corrects this behavior by using the sample std. In release 0.14.0, the default strategy will be replaced by the new strategy, the 'zscore' option will be removed. and using standardize=True will fall back to 'zscore_sample'.To avoid this warning, please use 'zscore_sample' instead.
  r=lw.fit_transform([ts])[0]
/Users/evangeline.bangsil/localwork/UTD-PROJECT/fm-subtype-discovery/experiments/ds002748_mdd/dataset_mdd.py:82: RuntimeWarning: divide by zero encountered in arctanh
  z=np.arctanh(r)
/Users/evangeline.bangsil/localwork/UTD-PROJECT/fm-subtype-discovery/experiments/ds002748_mdd/dataset_mdd.py:81: FutureWarning: The default strategy for standardize is currently 'zscore' which incorrectly uses population std to calculate sample zscores. The new strategy 'zscore_sample' corrects this behavior by using the sample std. In release 0.14.0, the default strategy will be replaced by the new strategy, the 'zscore' option will be removed. and using standardize=True will fall back to 'zscore_sample'.To avoid this warning, please use 'zscore_sample' instead.
  r=lw.fit_transform([ts])[0]
/Users/evangeline.bangsil/localwork/UTD-PROJECT/fm-subtype-discovery/experiments/ds002748_mdd/dataset_mdd.py:82: RuntimeWarning: divide by zero encountered in arctanh
  z=np.arctanh(r)
/Users/evangeline.bangsil/localwork/UTD-PROJECT/fm-subtype-discovery/experiments/ds002748_mdd/dataset_mdd.py:81: FutureWarning: The default strategy for standardize is currently 'zscore' which incorrectly uses population std to calculate sample zscores. The new strategy 'zscore_sample' corrects this behavior by using the sample std. In release 0.14.0, the default strategy will be replaced by the new strategy, the 'zscore' option will be removed. and using standardize=True will fall back to 'zscore_sample'.To avoid this warning, please use 'zscore_sample' instead.
  r=lw.fit_transform([ts])[0]
/Users/evangeline.bangsil/localwork/UTD-PROJECT/fm-subtype-discovery/experiments/ds002748_mdd/dataset_mdd.py:82: RuntimeWarning: divide by zero encountered in arctanh
  z=np.arctanh(r)
/Users/evangeline.bangsil/localwork/UTD-PROJECT/fm-subtype-discovery/experiments/ds002748_mdd/dataset_mdd.py:81: FutureWarning: The default strategy for standardize is currently 'zscore' which incorrectly uses population std to calculate sample zscores. The new strategy 'zscore_sample' corrects this behavior by using the sample std. In release 0.14.0, the default strategy will be replaced by the new strategy, the 'zscore' option will be removed. and using standardize=True will fall back to 'zscore_sample'.To avoid this warning, please use 'zscore_sample' instead.
  r=lw.fit_transform([ts])[0]
/Users/evangeline.bangsil/localwork/UTD-PROJECT/fm-subtype-discovery/experiments/ds002748_mdd/dataset_mdd.py:82: RuntimeWarning: divide by zero encountered in arctanh
  z=np.arctanh(r)
/Users/evangeline.bangsil/localwork/UTD-PROJECT/fm-subtype-discovery/experiments/ds002748_mdd/dataset_mdd.py:81: FutureWarning: The default strategy for standardize is currently 'zscore' which incorrectly uses population std to calculate sample zscores. The new strategy 'zscore_sample' corrects this behavior by using the sample std. In release 0.14.0, the default strategy will be replaced by the new strategy, the 'zscore' option will be removed. and using standardize=True will fall back to 'zscore_sample'.To avoid this warning, please use 'zscore_sample' instead.
  r=lw.fit_transform([ts])[0]
/Users/evangeline.bangsil/localwork/UTD-PROJECT/fm-subtype-discovery/experiments/ds002748_mdd/dataset_mdd.py:82: RuntimeWarning: divide by zero encountered in arctanh
  z=np.arctanh(r)
/Users/evangeline.bangsil/localwork/UTD-PROJECT/fm-subtype-discovery/experiments/ds002748_mdd/dataset_mdd.py:81: FutureWarning: The default strategy for standardize is currently 'zscore' which incorrectly uses population std to calculate sample zscores. The new strategy 'zscore_sample' corrects this behavior by using the sample std. In release 0.14.0, the default strategy will be replaced by the new strategy, the 'zscore' option will be removed. and using standardize=True will fall back to 'zscore_sample'.To avoid this warning, please use 'zscore_sample' instead.
  r=lw.fit_transform([ts])[0]
/Users/evangeline.bangsil/localwork/UTD-PROJECT/fm-subtype-discovery/experiments/ds002748_mdd/dataset_mdd.py:82: RuntimeWarning: divide by zero encountered in arctanh
  z=np.arctanh(r)
/Users/evangeline.bangsil/localwork/UTD-PROJECT/fm-subtype-discovery/experiments/ds002748_mdd/dataset_mdd.py:81: FutureWarning: The default strategy for standardize is currently 'zscore' which incorrectly uses population std to calculate sample zscores. The new strategy 'zscore_sample' corrects this behavior by using the sample std. In release 0.14.0, the default strategy will be replaced by the new strategy, the 'zscore' option will be removed. and using standardize=True will fall back to 'zscore_sample'.To avoid this warning, please use 'zscore_sample' instead.
  r=lw.fit_transform([ts])[0]
/Users/evangeline.bangsil/localwork/UTD-PROJECT/fm-subtype-discovery/experiments/ds002748_mdd/dataset_mdd.py:82: RuntimeWarning: divide by zero encountered in arctanh
  z=np.arctanh(r)
/Users/evangeline.bangsil/localwork/UTD-PROJECT/fm-subtype-discovery/experiments/ds002748_mdd/dataset_mdd.py:81: FutureWarning: The default strategy for standardize is currently 'zscore' which incorrectly uses population std to calculate sample zscores. The new strategy 'zscore_sample' corrects this behavior by using the sample std. In release 0.14.0, the default strategy will be replaced by the new strategy, the 'zscore' option will be removed. and using standardize=True will fall back to 'zscore_sample'.To avoid this warning, please use 'zscore_sample' instead.
  r=lw.fit_transform([ts])[0]
/Users/evangeline.bangsil/localwork/UTD-PROJECT/fm-subtype-discovery/experiments/ds002748_mdd/dataset_mdd.py:82: RuntimeWarning: divide by zero encountered in arctanh
  z=np.arctanh(r)
/Users/evangeline.bangsil/localwork/UTD-PROJECT/fm-subtype-discovery/experiments/ds002748_mdd/dataset_mdd.py:81: FutureWarning: The default strategy for standardize is currently 'zscore' which incorrectly uses population std to calculate sample zscores. The new strategy 'zscore_sample' corrects this behavior by using the sample std. In release 0.14.0, the default strategy will be replaced by the new strategy, the 'zscore' option will be removed. and using standardize=True will fall back to 'zscore_sample'.To avoid this warning, please use 'zscore_sample' instead.
  r=lw.fit_transform([ts])[0]
/Users/evangeline.bangsil/localwork/UTD-PROJECT/fm-subtype-discovery/experiments/ds002748_mdd/dataset_mdd.py:82: RuntimeWarning: divide by zero encountered in arctanh
  z=np.arctanh(r)
/Users/evangeline.bangsil/localwork/UTD-PROJECT/fm-subtype-discovery/experiments/ds002748_mdd/dataset_mdd.py:81: FutureWarning: The default strategy for standardize is currently 'zscore' which incorrectly uses population std to calculate sample zscores. The new strategy 'zscore_sample' corrects this behavior by using the sample std. In release 0.14.0, the default strategy will be replaced by the new strategy, the 'zscore' option will be removed. and using standardize=True will fall back to 'zscore_sample'.To avoid this warning, please use 'zscore_sample' instead.
  r=lw.fit_transform([ts])[0]
/Users/evangeline.bangsil/localwork/UTD-PROJECT/fm-subtype-discovery/experiments/ds002748_mdd/dataset_mdd.py:82: RuntimeWarning: divide by zero encountered in arctanh
  z=np.arctanh(r)
/Users/evangeline.bangsil/localwork/UTD-PROJECT/fm-subtype-discovery/experiments/ds002748_mdd/dataset_mdd.py:81: FutureWarning: The default strategy for standardize is currently 'zscore' which incorrectly uses population std to calculate sample zscores. The new strategy 'zscore_sample' corrects this behavior by using the sample std. In release 0.14.0, the default strategy will be replaced by the new strategy, the 'zscore' option will be removed. and using standardize=True will fall back to 'zscore_sample'.To avoid this warning, please use 'zscore_sample' instead.
  r=lw.fit_transform([ts])[0]
/Users/evangeline.bangsil/localwork/UTD-PROJECT/fm-subtype-discovery/experiments/ds002748_mdd/dataset_mdd.py:82: RuntimeWarning: divide by zero encountered in arctanh
  z=np.arctanh(r)
/Users/evangeline.bangsil/localwork/UTD-PROJECT/fm-subtype-discovery/experiments/ds002748_mdd/dataset_mdd.py:81: FutureWarning: The default strategy for standardize is currently 'zscore' which incorrectly uses population std to calculate sample zscores. The new strategy 'zscore_sample' corrects this behavior by using the sample std. In release 0.14.0, the default strategy will be replaced by the new strategy, the 'zscore' option will be removed. and using standardize=True will fall back to 'zscore_sample'.To avoid this warning, please use 'zscore_sample' instead.
  r=lw.fit_transform([ts])[0]
/Users/evangeline.bangsil/localwork/UTD-PROJECT/fm-subtype-discovery/experiments/ds002748_mdd/dataset_mdd.py:82: RuntimeWarning: divide by zero encountered in arctanh
  z=np.arctanh(r)
/Users/evangeline.bangsil/localwork/UTD-PROJECT/fm-subtype-discovery/experiments/ds002748_mdd/dataset_mdd.py:81: FutureWarning: The default strategy for standardize is currently 'zscore' which incorrectly uses population std to calculate sample zscores. The new strategy 'zscore_sample' corrects this behavior by using the sample std. In release 0.14.0, the default strategy will be replaced by the new strategy, the 'zscore' option will be removed. and using standardize=True will fall back to 'zscore_sample'.To avoid this warning, please use 'zscore_sample' instead.
  r=lw.fit_transform([ts])[0]
/Users/evangeline.bangsil/localwork/UTD-PROJECT/fm-subtype-discovery/experiments/ds002748_mdd/dataset_mdd.py:82: RuntimeWarning: divide by zero encountered in arctanh
  z=np.arctanh(r)
/Users/evangeline.bangsil/localwork/UTD-PROJECT/fm-subtype-discovery/experiments/ds002748_mdd/dataset_mdd.py:81: FutureWarning: The default strategy for standardize is currently 'zscore' which incorrectly uses population std to calculate sample zscores. The new strategy 'zscore_sample' corrects this behavior by using the sample std. In release 0.14.0, the default strategy will be replaced by the new strategy, the 'zscore' option will be removed. and using standardize=True will fall back to 'zscore_sample'.To avoid this warning, please use 'zscore_sample' instead.
  r=lw.fit_transform([ts])[0]
/Users/evangeline.bangsil/localwork/UTD-PROJECT/fm-subtype-discovery/experiments/ds002748_mdd/dataset_mdd.py:82: RuntimeWarning: divide by zero encountered in arctanh
  z=np.arctanh(r)
/Users/evangeline.bangsil/localwork/UTD-PROJECT/fm-subtype-discovery/experiments/ds002748_mdd/dataset_mdd.py:81: FutureWarning: The default strategy for standardize is currently 'zscore' which incorrectly uses population std to calculate sample zscores. The new strategy 'zscore_sample' corrects this behavior by using the sample std. In release 0.14.0, the default strategy will be replaced by the new strategy, the 'zscore' option will be removed. and using standardize=True will fall back to 'zscore_sample'.To avoid this warning, please use 'zscore_sample' instead.
  r=lw.fit_transform([ts])[0]
/Users/evangeline.bangsil/localwork/UTD-PROJECT/fm-subtype-discovery/experiments/ds002748_mdd/dataset_mdd.py:82: RuntimeWarning: divide by zero encountered in arctanh
  z=np.arctanh(r)
/Users/evangeline.bangsil/localwork/UTD-PROJECT/fm-subtype-discovery/experiments/ds002748_mdd/dataset_mdd.py:81: FutureWarning: The default strategy for standardize is currently 'zscore' which incorrectly uses population std to calculate sample zscores. The new strategy 'zscore_sample' corrects this behavior by using the sample std. In release 0.14.0, the default strategy will be replaced by the new strategy, the 'zscore' option will be removed. and using standardize=True will fall back to 'zscore_sample'.To avoid this warning, please use 'zscore_sample' instead.
  r=lw.fit_transform([ts])[0]
/Users/evangeline.bangsil/localwork/UTD-PROJECT/fm-subtype-discovery/experiments/ds002748_mdd/dataset_mdd.py:82: RuntimeWarning: divide by zero encountered in arctanh
  z=np.arctanh(r)
/Users/evangeline.bangsil/localwork/UTD-PROJECT/fm-subtype-discovery/experiments/ds002748_mdd/dataset_mdd.py:81: FutureWarning: The default strategy for standardize is currently 'zscore' which incorrectly uses population std to calculate sample zscores. The new strategy 'zscore_sample' corrects this behavior by using the sample std. In release 0.14.0, the default strategy will be replaced by the new strategy, the 'zscore' option will be removed. and using standardize=True will fall back to 'zscore_sample'.To avoid this warning, please use 'zscore_sample' instead.
  r=lw.fit_transform([ts])[0]
/Users/evangeline.bangsil/localwork/UTD-PROJECT/fm-subtype-discovery/experiments/ds002748_mdd/dataset_mdd.py:82: RuntimeWarning: divide by zero encountered in arctanh
  z=np.arctanh(r)
Epoch 0: train=2.8759 val=2.6655
Epoch 1: train=2.7649 val=2.5113
Epoch 2: train=2.5328 val=2.0640
Epoch 3: train=2.0185 val=1.5235
Epoch 4: train=1.5008 val=1.1168
Epoch 5: train=1.4897 val=1.3025
Epoch 6: train=1.4325 val=1.2501
Epoch 7: train=1.4184 val=1.1663
Epoch 8: train=1.2562 val=1.1551
Epoch 9: train=1.2515 val=1.0998
Epoch 10: train=1.3662 val=1.0276
Epoch 11: train=1.1669 val=0.9916
Epoch 12: train=1.0451 val=1.0081
Epoch 13: train=1.0675 val=0.8327
Epoch 14: train=1.0529 val=0.8592
Epoch 15: train=1.0236 val=0.7196
Epoch 16: train=1.0498 val=0.7975
Epoch 17: train=1.1483 val=0.8621
Epoch 18: train=0.9298 val=0.6465
Epoch 19: train=1.0015 val=0.6527
Epoch 20: train=0.8276 val=0.6999
Epoch 21: train=0.8413 val=0.6600
Epoch 22: train=0.7967 val=0.5699
Epoch 23: train=0.8711 val=0.6803
Epoch 24: train=0.8561 val=0.6557
Epoch 25: train=0.9020 val=0.5551
Epoch 26: train=0.9071 val=0.7013
Epoch 27: train=0.8075 val=0.6297
Epoch 28: train=0.9308 val=0.6584
Epoch 29: train=0.8573 val=0.8292
Epoch 30: train=0.8153 val=0.6304
Epoch 31: train=0.8995 val=0.7005
Epoch 32: train=0.7799 val=0.6434
Epoch 33: train=0.8932 val=0.6381
Epoch 34: train=0.8342 val=0.5789
Epoch 35: train=0.6875 val=0.7026
Epoch 36: train=0.7722 val=0.6550
Epoch 37: train=0.7410 val=0.5923
Epoch 38: train=0.8584 val=0.6679
Epoch 39: train=0.7021 val=0.5893
Epoch 40: train=0.7799 val=0.6323
Epoch 41: train=0.7615 val=0.6083
Epoch 42: train=0.7591 val=0.6098
Epoch 43: train=0.8100 val=0.6442
Epoch 44: train=0.8549 val=0.5256
Epoch 45: train=0.8202 val=0.6140
Epoch 46: train=0.7878 val=0.5405
Epoch 47: train=0.8783 val=0.6142
Epoch 48: train=0.7745 val=0.6501
Epoch 49: train=0.8194 val=0.5469
Epoch 50: train=0.8447 val=0.6114
Epoch 51: train=0.7699 val=0.6244
Epoch 52: train=0.7723 val=0.5289
Epoch 53: train=0.7980 val=0.4961
Epoch 54: train=0.7506 val=0.5691
Epoch 55: train=0.7990 val=0.5845
Epoch 56: train=0.6962 val=0.4992
Epoch 57: train=0.7078 val=0.4668
Epoch 58: train=0.6912 val=0.5096
Epoch 59: train=0.7123 val=0.6087
Epoch 60: train=0.7351 val=0.4851
Epoch 61: train=0.7694 val=0.6716
Epoch 62: train=0.7209 val=0.5291
Epoch 63: train=0.6395 val=0.4882
Epoch 64: train=0.6631 val=0.5315
Epoch 65: train=0.6696 val=0.5634
Epoch 66: train=0.7696 val=0.5077
Epoch 67: train=0.7266 val=0.4785
Epoch 68: train=0.7377 val=0.5057
Epoch 69: train=0.7239 val=0.5546
Epoch 70: train=0.6741 val=0.5198
Epoch 71: train=0.6904 val=0.5157
Epoch 72: train=0.8082 val=0.5280
Epoch 73: train=0.5819 val=0.5012
Epoch 74: train=0.6835 val=0.5569
Epoch 75: train=0.6416 val=0.5580
Epoch 76: train=0.6295 val=0.4864
Epoch 77: train=0.6183 val=0.4805
Epoch 78: train=0.6455 val=0.5134
Epoch 79: train=0.6343 val=0.5601
Epoch 80: train=0.6230 val=0.4298
Epoch 81: train=0.6932 val=0.4890
Epoch 82: train=0.6825 val=0.5773
Epoch 83: train=0.7274 val=0.5356
Epoch 84: train=0.6659 val=0.4579
Epoch 85: train=0.7136 val=0.4679
Epoch 86: train=0.6432 val=0.4427
Epoch 87: train=0.6251 val=0.4946
Epoch 88: train=0.6621 val=0.4690
Epoch 89: train=0.6524 val=0.4369
Epoch 90: train=0.5617 val=0.4837
Epoch 91: train=0.6709 val=0.5627
Epoch 92: train=0.6804 val=0.5056
Epoch 93: train=0.6014 val=0.4710
Epoch 94: train=0.6442 val=0.4088
Epoch 95: train=0.5592 val=0.5093
Epoch 96: train=0.5923 val=0.4501
Epoch 97: train=0.6176 val=0.4307
Epoch 98: train=0.6398 val=0.4526
Epoch 99: train=0.7138 val=0.4897
Epoch 100: train=0.6257 val=0.4374
Epoch 101: train=0.6308 val=0.4181
Epoch 102: train=0.5501 val=0.4171
Epoch 103: train=0.6149 val=0.3888
Epoch 104: train=0.6324 val=0.3916
Epoch 105: train=0.6233 val=0.4639
Epoch 106: train=0.6570 val=0.4417
Epoch 107: train=0.6062 val=0.4792
Epoch 108: train=0.5058 val=0.4449
Epoch 109: train=0.5843 val=0.4527
Epoch 110: train=0.6778 val=0.4595
Epoch 111: train=0.5930 val=0.4780
Epoch 112: train=0.5824 val=0.4911
Epoch 113: train=0.5946 val=0.4367
Epoch 114: train=0.6106 val=0.3846
Epoch 115: train=0.6486 val=0.4318
Epoch 116: train=0.5531 val=0.4562
Epoch 117: train=0.5736 val=0.4337
Epoch 118: train=0.6180 val=0.3770
Epoch 119: train=0.5101 val=0.4971
Epoch 120: train=0.5148 val=0.4535
Epoch 121: train=0.6021 val=0.4493
Epoch 122: train=0.6082 val=0.4436
Epoch 123: train=0.5820 val=0.3894
Epoch 124: train=0.6526 val=0.4663
Epoch 125: train=0.5215 val=0.4705
Epoch 126: train=0.6193 val=0.4355
Epoch 127: train=0.5819 val=0.4464
Epoch 128: train=0.5830 val=0.4647
Epoch 129: train=0.5117 val=0.4385
Epoch 130: train=0.6436 val=0.4592
Epoch 131: train=0.5656 val=0.4049
Epoch 132: train=0.5880 val=0.3901
Epoch 133: train=0.6128 val=0.4405
Epoch 134: train=0.6444 val=0.4326
Epoch 135: train=0.5469 val=0.4472
Epoch 136: train=0.6897 val=0.4705
Epoch 137: train=0.5000 val=0.3961
Epoch 138: train=0.5246 val=0.4630
Epoch 139: train=0.5637 val=0.4734
Epoch 140: train=0.5362 val=0.4323
Epoch 141: train=0.5263 val=0.4415
Epoch 142: train=0.6378 val=0.3740
Epoch 143: train=0.5409 val=0.4217
Epoch 144: train=0.5579 val=0.4106
Epoch 145: train=0.6182 val=0.4277
Epoch 146: train=0.5664 val=0.4412
Epoch 147: train=0.5177 val=0.4187
Epoch 148: train=0.5837 val=0.4847
Epoch 149: train=0.5224 val=0.4598
Epoch 150: train=0.5792 val=0.4476
Epoch 151: train=0.5245 val=0.4213
Epoch 152: train=0.5548 val=0.3980
Epoch 153: train=0.5754 val=0.3858
Epoch 154: train=0.5731 val=0.4061
Epoch 155: train=0.5453 val=0.3934
Epoch 156: train=0.5514 val=0.3918
Epoch 157: train=0.5378 val=0.3994
Epoch 158: train=0.4972 val=0.4215
Epoch 159: train=0.5279 val=0.3775
Epoch 160: train=0.5732 val=0.3967
Epoch 161: train=0.4960 val=0.4204
Epoch 162: train=0.5081 val=0.3929
Epoch 163: train=0.5378 val=0.3550
Epoch 164: train=0.5771 val=0.3871
Epoch 165: train=0.6441 val=0.3996
Epoch 166: train=0.5787 val=0.3655
Epoch 167: train=0.5408 val=0.3772
Epoch 168: train=0.5193 val=0.4261
Epoch 169: train=0.5004 val=0.3914
Epoch 170: train=0.5123 val=0.3986
Epoch 171: train=0.5466 val=0.4034
Epoch 172: train=0.5208 val=0.3882
Epoch 173: train=0.5475 val=0.3834
Epoch 174: train=0.5817 val=0.4509
Epoch 175: train=0.5010 val=0.4209
Epoch 176: train=0.5890 val=0.4261
Epoch 177: train=0.4695 val=0.3948
Epoch 178: train=0.5617 val=0.3867
Epoch 179: train=0.5188 val=0.3659
Epoch 180: train=0.5408 val=0.3611
Epoch 181: train=0.5742 val=0.3684
Epoch 182: train=0.5542 val=0.3973
Epoch 183: train=0.5299 val=0.3713
Epoch 184: train=0.6003 val=0.3907
Epoch 185: train=0.5081 val=0.3930
Epoch 186: train=0.4920 val=0.3945
Epoch 187: train=0.4884 val=0.3842
Epoch 188: train=0.5407 val=0.4033
Early stopping at epoch 188
